------------------------------------------------------------
TimeQuest Timing Analyzer Summary
------------------------------------------------------------

Type  : Slow Model Setup 'KEY[3]'
Slack : -10.571
TNS   : -1146.380

Type  : Slow Model Setup 'MIPS:processador|PC[2]'
Slack : -3.778
TNS   : -3.778

Type  : Slow Model Hold 'KEY[3]'
Slack : -0.852
TNS   : -2.017

Type  : Slow Model Hold 'MIPS:processador|PC[2]'
Slack : -0.760
TNS   : -0.760

Type  : Slow Model Minimum Pulse Width 'KEY[3]'
Slack : -1.222
TNS   : -145.222

Type  : Slow Model Minimum Pulse Width 'MIPS:processador|PC[2]'
Slack : 0.270
TNS   : 0.000

Type  : Fast Model Setup 'KEY[3]'
Slack : -4.096
TNS   : -415.648

Type  : Fast Model Setup 'MIPS:processador|PC[2]'
Slack : -1.662
TNS   : -1.662

Type  : Fast Model Hold 'KEY[3]'
Slack : -0.717
TNS   : -8.413

Type  : Fast Model Hold 'MIPS:processador|PC[2]'
Slack : -0.332
TNS   : -0.332

Type  : Fast Model Minimum Pulse Width 'KEY[3]'
Slack : -1.222
TNS   : -145.222

Type  : Fast Model Minimum Pulse Width 'MIPS:processador|PC[2]'
Slack : 0.427
TNS   : 0.000

------------------------------------------------------------
